// Jest Snapshot v1, https://goo.gl/fbAQLP

exports[`Quote Tests if component renders correctly 1`] = `
<p>
  Page not found!
</p>
`;
